2026-01-11 14:27:07,916 - INFO - ✓ Fetched 661 records for ACC (ACC.NS)
2026-01-11 14:27:08,593 - INFO - ✓ Fetched 661 records for ADANIENT (ADANIENT.NS)
2026-01-11 14:27:09,304 - INFO - ✓ Fetched 661 records for ADANIPORTS (ADANIPORTS.NS)
2026-01-11 14:27:10,004 - INFO - ✓ Fetched 661 records for ADANIPOWER (ADANIPOWER.NS)
2026-01-11 14:27:10,784 - ERROR - $ARE&M.NS: possibly delisted; no price data found  (1d 2020-04-01 -> 2022-11-30) (Yahoo error = "Data doesn't exist for startDate = 1585679400, endDate = 1669746600")
2026-01-11 14:27:10,785 - WARNING - No data returned for AMARAJABAT (ARE&M.NS)
2026-01-11 14:27:11,236 - INFO - ✓ Fetched 661 records for AMBUJACEM (AMBUJACEM.NS)
2026-01-11 14:27:11,852 - INFO - ✓ Fetched 661 records for APOLLOHOSP (APOLLOHOSP.NS)
2026-01-11 14:27:12,538 - INFO - ✓ Fetched 661 records for APOLLOTYRE (APOLLOTYRE.NS)
2026-01-11 14:27:13,256 - INFO - ✓ Fetched 661 records for ASHOKLEY (ASHOKLEY.NS)
2026-01-11 14:27:13,959 - INFO - ✓ Fetched 661 records for ASIANPAINT (ASIANPAINT.NS)
2026-01-11 14:27:14,521 - INFO - ✓ Fetched 661 records for AUROPHARMA (AUROPHARMA.NS)
2026-01-11 14:27:15,081 - INFO - ✓ Fetched 661 records for AXISBANK (AXISBANK.NS)
2026-01-11 14:27:15,702 - INFO - ✓ Fetched 661 records for BAJAJ-AUTO (BAJAJ-AUTO.NS)
2026-01-11 14:27:16,322 - INFO - ✓ Fetched 661 records for BAJAJFINSV (BAJAJFINSV.NS)
2026-01-11 14:27:17,042 - INFO - ✓ Fetched 661 records for BAJFINANCE (BAJFINANCE.NS)
2026-01-11 14:27:17,616 - INFO - ✓ Fetched 661 records for BALKRISIND (BALKRISIND.NS)
2026-01-11 14:27:18,155 - INFO - ✓ Fetched 661 records for BANDHANBNK (BANDHANBNK.NS)
2026-01-11 14:27:18,873 - INFO - ✓ Fetched 661 records for BANKBARODA (BANKBARODA.NS)
2026-01-11 14:27:19,617 - INFO - ✓ Fetched 661 records for BATAINDIA (BATAINDIA.NS)
2026-01-11 14:27:20,330 - INFO - ✓ Fetched 661 records for BEL (BEL.NS)
2026-01-11 14:27:20,992 - INFO - ✓ Fetched 661 records for BERGEPAINT (BERGEPAINT.NS)
2026-01-11 14:27:21,656 - INFO - ✓ Fetched 661 records for BHARATFORG (BHARATFORG.NS)
2026-01-11 14:27:22,327 - INFO - ✓ Fetched 661 records for BHARTIARTL (BHARTIARTL.NS)
2026-01-11 14:27:22,946 - INFO - ✓ Fetched 661 records for BHEL (BHEL.NS)
2026-01-11 14:27:23,591 - INFO - ✓ Fetched 661 records for BIOCON (BIOCON.NS)
2026-01-11 14:27:24,172 - INFO - ✓ Fetched 661 records for BOSCHLTD (BOSCHLTD.NS)
2026-01-11 14:27:24,878 - INFO - ✓ Fetched 661 records for BPCL (BPCL.NS)
2026-01-11 14:27:25,529 - INFO - ✓ Fetched 661 records for BRITANNIA (BRITANNIA.NS)
2026-01-11 14:27:26,316 - INFO - ✓ Fetched 661 records for CADILAHC (ZYDUSLIFE.NS)
2026-01-11 14:27:27,027 - INFO - ✓ Fetched 661 records for CANBK (CANBK.NS)
2026-01-11 14:27:27,762 - INFO - ✓ Fetched 661 records for CENTURYTEX (ABREL.NS)
2026-01-11 14:27:28,450 - INFO - ✓ Fetched 661 records for CESC (CESC.NS)
2026-01-11 14:27:29,136 - INFO - ✓ Fetched 661 records for CHOLAFIN (CHOLAFIN.NS)
2026-01-11 14:27:29,778 - INFO - ✓ Fetched 661 records for CIPLA (CIPLA.NS)
2026-01-11 14:27:30,528 - INFO - ✓ Fetched 661 records for COALINDIA (COALINDIA.NS)
2026-01-11 14:27:31,198 - INFO - ✓ Fetched 661 records for COLPAL (COLPAL.NS)
2026-01-11 14:27:32,135 - INFO - ✓ Fetched 661 records for CONCOR (CONCOR.NS)
2026-01-11 14:27:32,900 - INFO - ✓ Fetched 661 records for CUMMINSIND (CUMMINSIND.NS)
2026-01-11 14:27:33,596 - INFO - ✓ Fetched 661 records for DABUR (DABUR.NS)
2026-01-11 14:27:34,265 - INFO - ✓ Fetched 661 records for DIVISLAB (DIVISLAB.NS)
2026-01-11 14:27:34,905 - INFO - ✓ Fetched 661 records for DLF (DLF.NS)
2026-01-11 14:27:35,522 - INFO - ✓ Fetched 661 records for DRREDDY (DRREDDY.NS)
2026-01-11 14:27:36,197 - INFO - ✓ Fetched 661 records for EICHERMOT (EICHERMOT.NS)
2026-01-11 14:27:36,830 - INFO - ✓ Fetched 515 records for EQUITAS (EQUITASBNK.NS)
2026-01-11 14:27:36,830 - WARNING - EQUITAS: Insufficient coverage 76.8%
2026-01-11 14:27:37,598 - INFO - ✓ Fetched 661 records for ESCORTS (ESCORTS.NS)
2026-01-11 14:27:38,367 - INFO - ✓ Fetched 661 records for EXIDEIND (EXIDEIND.NS)
2026-01-11 14:27:39,183 - INFO - ✓ Fetched 661 records for FEDERALBNK (FEDERALBNK.NS)
2026-01-11 14:27:39,814 - INFO - ✓ Fetched 661 records for GAIL (GAIL.NS)
2026-01-11 14:27:40,348 - INFO - ✓ Fetched 661 records for GLENMARK (GLENMARK.NS)
2026-01-11 14:27:40,822 - INFO - ✓ Fetched 661 records for GMRINFRA (GMRAIRPORT.NS)
2026-01-11 14:27:41,544 - INFO - ✓ Fetched 661 records for GODREJCP (GODREJCP.NS)
2026-01-11 14:27:42,022 - INFO - ✓ Fetched 661 records for GODREJPROP (GODREJPROP.NS)
2026-01-11 14:27:42,868 - INFO - ✓ Fetched 661 records for GRASIM (GRASIM.NS)
2026-01-11 14:27:43,443 - INFO - ✓ Fetched 661 records for HAVELLS (HAVELLS.NS)
2026-01-11 14:27:44,106 - INFO - ✓ Fetched 661 records for HCLTECH (HCLTECH.NS)
2026-01-11 14:27:44,833 - INFO - ✓ Fetched 661 records for HDFC (HDFCBANK.NS)
2026-01-11 14:27:45,174 - INFO - ✓ Fetched 661 records for HDFCBANK (HDFCBANK.NS)
2026-01-11 14:27:45,953 - INFO - ✓ Fetched 661 records for HDFCLIFE (HDFCLIFE.NS)
2026-01-11 14:27:46,719 - INFO - ✓ Fetched 661 records for HEROMOTOCO (HEROMOTOCO.NS)
2026-01-11 14:27:47,391 - INFO - ✓ Fetched 661 records for HINDALCO (HINDALCO.NS)
2026-01-11 14:27:48,100 - INFO - ✓ Fetched 661 records for HINDPETRO (HINDPETRO.NS)
2026-01-11 14:27:48,811 - INFO - ✓ Fetched 661 records for HINDUNILVR (HINDUNILVR.NS)
2026-01-11 14:27:49,456 - ERROR - $IBULLSLTD.NS: possibly delisted; no price data found  (1d 2020-04-01 -> 2022-11-30) (Yahoo error = "Data doesn't exist for startDate = 1585679400, endDate = 1669746600")
2026-01-11 14:27:49,457 - WARNING - No data returned for IBULHSGFIN (IBULLSLTD.NS)
2026-01-11 14:27:49,730 - INFO - ✓ Fetched 661 records for ICICIBANK (ICICIBANK.NS)
2026-01-11 14:27:50,254 - INFO - ✓ Fetched 661 records for ICICIPRULI (ICICIPRULI.NS)
2026-01-11 14:27:50,729 - INFO - ✓ Fetched 661 records for IDEA (IDEA.NS)
2026-01-11 14:27:51,508 - INFO - ✓ Fetched 661 records for IDFCFIRSTB (IDFCFIRSTB.NS)
2026-01-11 14:27:52,061 - INFO - ✓ Fetched 661 records for IGL (IGL.NS)
2026-01-11 14:27:52,566 - INFO - ✓ Fetched 661 records for INDIGO (INDIGO.NS)
2026-01-11 14:27:53,344 - INFO - ✓ Fetched 661 records for INDUSINDBK (INDUSINDBK.NS)
2026-01-11 14:27:53,931 - INFO - ✓ Fetched 661 records for INFRATEL (INDUSTOWER.NS)
2026-01-11 14:27:54,483 - INFO - ✓ Fetched 661 records for INFY (INFY.NS)
2026-01-11 14:27:55,080 - INFO - ✓ Fetched 661 records for IOC (IOC.NS)
2026-01-11 14:27:55,719 - INFO - ✓ Fetched 661 records for ITC (ITC.NS)
2026-01-11 14:27:56,390 - INFO - ✓ Fetched 661 records for JINDALSTEL (JINDALSTEL.NS)
2026-01-11 14:27:56,946 - INFO - ✓ Fetched 661 records for JSWSTEEL (JSWSTEEL.NS)
2026-01-11 14:27:57,486 - INFO - ✓ Fetched 661 records for JUBLFOOD (JUBLFOOD.NS)
2026-01-11 14:27:58,000 - INFO - ✓ Fetched 661 records for JUSTDIAL (JUSTDIAL.NS)
2026-01-11 14:27:58,582 - INFO - ✓ Fetched 661 records for KOTAKBANK (KOTAKBANK.NS)
2026-01-11 14:27:59,334 - INFO - ✓ Fetched 661 records for L&TFH (LTF.NS)
2026-01-11 14:28:00,148 - INFO - ✓ Fetched 661 records for LICHSGFIN (LICHSGFIN.NS)
2026-01-11 14:28:00,776 - INFO - ✓ Fetched 661 records for LT (LT.NS)
2026-01-11 14:28:01,303 - INFO - ✓ Fetched 661 records for LUPIN (LUPIN.NS)
2026-01-11 14:28:01,874 - INFO - ✓ Fetched 661 records for M&M (M&M.NS)
2026-01-11 14:28:02,489 - INFO - ✓ Fetched 661 records for M&MFIN (M&MFIN.NS)
2026-01-11 14:28:03,021 - INFO - ✓ Fetched 661 records for MANAPPURAM (MANAPPURAM.NS)
2026-01-11 14:28:03,568 - INFO - ✓ Fetched 661 records for MARICO (MARICO.NS)
2026-01-11 14:28:04,109 - INFO - ✓ Fetched 661 records for MARUTI (MARUTI.NS)
2026-01-11 14:28:04,717 - ERROR - $UNITDSPR.NS: possibly delisted; no price data found  (1d 2020-04-01 -> 2022-11-30) (Yahoo error = "Data doesn't exist for startDate = 1585679400, endDate = 1669746600")
2026-01-11 14:28:04,718 - WARNING - No data returned for MCDOWELL-N (UNITDSPR.NS)
2026-01-11 14:28:04,911 - INFO - ✓ Fetched 661 records for MFSL (MFSL.NS)
2026-01-11 14:28:05,416 - INFO - ✓ Fetched 661 records for MGL (MGL.NS)
2026-01-11 14:28:05,951 - INFO - ✓ Fetched 661 records for MINDTREE (LTIM.NS)
2026-01-11 14:28:06,506 - INFO - ✓ Fetched 661 records for MOTHERSUMI (MOTHERSON.NS)
2026-01-11 14:28:07,061 - INFO - ✓ Fetched 661 records for MRF (MRF.NS)
2026-01-11 14:28:07,700 - INFO - ✓ Fetched 661 records for MUTHOOTFIN (MUTHOOTFIN.NS)
2026-01-11 14:28:08,356 - INFO - ✓ Fetched 661 records for NATIONALUM (NATIONALUM.NS)
2026-01-11 14:28:08,877 - INFO - ✓ Fetched 661 records for NAUKRI (NAUKRI.NS)
2026-01-11 14:28:09,572 - INFO - ✓ Fetched 661 records for NCC (NCC.NS)
2026-01-11 14:28:10,254 - INFO - ✓ Fetched 661 records for NESTLEIND (NESTLEIND.NS)
2026-01-11 14:28:10,805 - INFO - ✓ Fetched 661 records for NIITTECH (COFORGE.NS)
2026-01-11 14:28:11,334 - INFO - ✓ Fetched 661 records for NMDC (NMDC.NS)
2026-01-11 14:28:11,865 - INFO - ✓ Fetched 661 records for NTPC (NTPC.NS)
2026-01-11 14:28:12,396 - INFO - ✓ Fetched 661 records for OIL (OIL.NS)
2026-01-11 14:28:13,157 - INFO - ✓ Fetched 661 records for ONGC (ONGC.NS)
2026-01-11 14:28:13,694 - INFO - ✓ Fetched 661 records for PAGEIND (PAGEIND.NS)
2026-01-11 14:28:14,290 - INFO - ✓ Fetched 661 records for PEL (POONAWALLA.NS)
2026-01-11 14:28:14,960 - INFO - ✓ Fetched 661 records for PETRONET (PETRONET.NS)
2026-01-11 14:28:15,525 - INFO - ✓ Fetched 661 records for PFC (PFC.NS)
2026-01-11 14:28:16,198 - INFO - ✓ Fetched 661 records for PIDILITIND (PIDILITIND.NS)
2026-01-11 14:28:16,835 - INFO - ✓ Fetched 661 records for PNB (PNB.NS)
2026-01-11 14:28:17,445 - INFO - ✓ Fetched 661 records for POWERGRID (POWERGRID.NS)
2026-01-11 14:28:18,038 - INFO - ✓ Fetched 14 records for PVR (PVRINOX.NS)
2026-01-11 14:28:18,039 - WARNING - PVR: Insufficient coverage 2.1%
2026-01-11 14:28:18,840 - INFO - ✓ Fetched 661 records for RAMCOCEM (RAMCOCEM.NS)
2026-01-11 14:28:19,419 - INFO - ✓ Fetched 661 records for RBLBANK (RBLBANK.NS)
2026-01-11 14:28:20,008 - INFO - ✓ Fetched 661 records for RECLTD (RECLTD.NS)
2026-01-11 14:28:20,801 - INFO - ✓ Fetched 661 records for RELIANCE (RELIANCE.NS)
2026-01-11 14:28:21,505 - INFO - ✓ Fetched 661 records for SAIL (SAIL.NS)
2026-01-11 14:28:22,197 - INFO - ✓ Fetched 661 records for SBIN (SBIN.NS)
2026-01-11 14:28:22,728 - INFO - ✓ Fetched 661 records for SHREECEM (SHREECEM.NS)
2026-01-11 14:28:23,279 - INFO - ✓ Fetched 661 records for SIEMENS (SIEMENS.NS)
2026-01-11 14:28:24,201 - INFO - ✓ Fetched 661 records for SRF (SRF.NS)
2026-01-11 14:28:24,758 - INFO - ✓ Fetched 661 records for SRTRANSFIN (SHRIRAMFIN.NS)
2026-01-11 14:28:25,311 - INFO - ✓ Fetched 661 records for SUNPHARMA (SUNPHARMA.NS)
2026-01-11 14:28:26,057 - INFO - ✓ Fetched 661 records for SUNTV (SUNTV.NS)
2026-01-11 14:28:26,742 - INFO - ✓ Fetched 661 records for TATACHEM (TATACHEM.NS)
2026-01-11 14:28:27,476 - INFO - ✓ Fetched 661 records for TATACONSUM (TATACONSUM.NS)
2026-01-11 14:28:28,156 - ERROR - $TMPV.NS: possibly delisted; no price data found  (1d 2020-04-01 -> 2022-11-30) (Yahoo error = "Data doesn't exist for startDate = 1585679400, endDate = 1669746600")
2026-01-11 14:28:28,157 - WARNING - No data returned for TATAMOTORS (TMPV.NS)
2026-01-11 14:28:28,622 - INFO - ✓ Fetched 661 records for TATAPOWER (TATAPOWER.NS)
2026-01-11 14:28:29,282 - INFO - ✓ Fetched 661 records for TATASTEEL (TATASTEEL.NS)
2026-01-11 14:28:29,926 - INFO - ✓ Fetched 661 records for TCS (TCS.NS)
2026-01-11 14:28:30,437 - INFO - ✓ Fetched 661 records for TECHM (TECHM.NS)
2026-01-11 14:28:31,028 - INFO - ✓ Fetched 661 records for TITAN (TITAN.NS)
2026-01-11 14:28:31,598 - INFO - ✓ Fetched 661 records for TORNTPHARM (TORNTPHARM.NS)
2026-01-11 14:28:32,289 - INFO - ✓ Fetched 661 records for TORNTPOWER (TORNTPOWER.NS)
2026-01-11 14:28:32,817 - INFO - ✓ Fetched 661 records for TVSMOTOR (TVSMOTOR.NS)
2026-01-11 14:28:33,509 - INFO - ✓ Fetched 661 records for UBL (UBL.NS)
2026-01-11 14:28:34,211 - INFO - ✓ Fetched 661 records for UJJIVAN (UJJIVANSFB.NS)
2026-01-11 14:28:34,744 - INFO - ✓ Fetched 661 records for ULTRACEMCO (ULTRACEMCO.NS)
2026-01-11 14:28:35,444 - INFO - ✓ Fetched 661 records for UPL (UPL.NS)
2026-01-11 14:28:36,127 - INFO - ✓ Fetched 661 records for VEDL (VEDL.NS)
2026-01-11 14:28:36,824 - INFO - ✓ Fetched 661 records for VOLTAS (VOLTAS.NS)
2026-01-11 14:28:37,371 - INFO - ✓ Fetched 661 records for WIPRO (WIPRO.NS)
2026-01-11 14:28:37,974 - INFO - ✓ Fetched 661 records for YESBANK (YESBANK.NS)
2026-01-11 14:28:38,703 - INFO - ✓ Fetched 661 records for ZEEL (ZEEL.NS)
