2026-01-11 11:37:56,050 - INFO - Logger configured successfully
2026-01-11 11:38:10,817 - INFO - No saved token found
2026-01-11 11:39:29,847 - INFO - Token saved to ./data/NIFTY200_Subset10/zerodha_token.json
2026-01-11 12:10:52,067 - INFO - ✓ Fetched 1 records for ACC
2026-01-11 12:10:52,641 - INFO - ✓ Fetched 1 records for ADANIENT
2026-01-11 12:10:53,211 - INFO - ✓ Fetched 1 records for ADANIPORTS
2026-01-11 12:10:53,794 - INFO - ✓ Fetched 1 records for ADANIPOWER
2026-01-11 12:10:54,363 - INFO - ✓ Fetched 1 records for AMBUJACEM
2026-01-11 12:10:54,973 - INFO - ✓ Fetched 1 records for APOLLOHOSP
2026-01-11 12:10:55,550 - INFO - ✓ Fetched 1 records for APOLLOTYRE
2026-01-11 12:10:56,123 - INFO - ✓ Fetched 1 records for ASHOKLEY
2026-01-11 12:10:56,715 - INFO - ✓ Fetched 1 records for ASIANPAINT
2026-01-11 12:10:57,294 - INFO - ✓ Fetched 1 records for AUROPHARMA
2026-01-11 12:10:57,868 - INFO - ✓ Fetched 1 records for AXISBANK
2026-01-11 12:10:58,438 - INFO - ✓ Fetched 1 records for BAJAJ-AUTO
2026-01-11 12:10:59,021 - INFO - ✓ Fetched 1 records for BAJAJFINSV
2026-01-11 12:10:59,597 - INFO - ✓ Fetched 1 records for BAJFINANCE
2026-01-11 12:11:00,167 - INFO - ✓ Fetched 1 records for BALKRISIND
2026-01-11 12:11:00,741 - INFO - ✓ Fetched 1 records for BANDHANBNK
2026-01-11 12:11:01,312 - INFO - ✓ Fetched 1 records for BANKBARODA
2026-01-11 12:11:01,886 - INFO - ✓ Fetched 1 records for BATAINDIA
2026-01-11 12:11:02,457 - INFO - ✓ Fetched 1 records for BEL
2026-01-11 12:11:03,028 - INFO - ✓ Fetched 1 records for BERGEPAINT
2026-01-11 12:11:03,597 - INFO - ✓ Fetched 1 records for BHARATFORG
2026-01-11 12:11:04,202 - INFO - ✓ Fetched 1 records for BHARTIARTL
2026-01-11 12:11:04,770 - INFO - ✓ Fetched 1 records for BHEL
2026-01-11 12:11:05,336 - INFO - ✓ Fetched 1 records for BIOCON
2026-01-11 12:11:05,943 - INFO - ✓ Fetched 1 records for BOSCHLTD
2026-01-11 12:11:06,511 - INFO - ✓ Fetched 1 records for BPCL
2026-01-11 12:11:07,119 - INFO - ✓ Fetched 1 records for BRITANNIA
2026-01-11 12:11:07,687 - INFO - ✓ Fetched 1 records for CANBK
2026-01-11 12:11:08,264 - INFO - ✓ Fetched 1 records for CESC
2026-01-11 12:11:08,832 - INFO - ✓ Fetched 1 records for CHOLAFIN
2026-01-11 12:11:09,396 - INFO - ✓ Fetched 1 records for CIPLA
2026-01-11 12:11:09,969 - INFO - ✓ Fetched 1 records for COALINDIA
2026-01-11 12:11:10,540 - INFO - ✓ Fetched 1 records for COLPAL
2026-01-11 12:11:11,111 - INFO - ✓ Fetched 1 records for CONCOR
2026-01-11 12:11:11,678 - INFO - ✓ Fetched 1 records for CUMMINSIND
2026-01-11 12:11:12,242 - INFO - ✓ Fetched 1 records for DABUR
2026-01-11 12:11:12,807 - INFO - ✓ Fetched 1 records for DIVISLAB
2026-01-11 12:11:13,374 - INFO - ✓ Fetched 1 records for DLF
2026-01-11 12:11:13,937 - INFO - ✓ Fetched 1 records for DRREDDY
2026-01-11 12:11:14,502 - INFO - ✓ Fetched 1 records for EICHERMOT
2026-01-11 12:11:15,071 - INFO - ✓ Fetched 1 records for ESCORTS
2026-01-11 12:11:15,639 - INFO - ✓ Fetched 1 records for EXIDEIND
2026-01-11 12:11:16,220 - INFO - ✓ Fetched 1 records for FEDERALBNK
2026-01-11 12:11:16,789 - INFO - ✓ Fetched 1 records for GAIL
2026-01-11 12:11:17,352 - INFO - ✓ Fetched 1 records for GLENMARK
2026-01-11 12:11:17,920 - INFO - ✓ Fetched 1 records for GODREJCP
2026-01-11 12:11:18,489 - INFO - ✓ Fetched 1 records for GODREJPROP
2026-01-11 12:11:19,071 - INFO - ✓ Fetched 1 records for GRASIM
2026-01-11 12:11:19,648 - INFO - ✓ Fetched 1 records for HAVELLS
2026-01-11 12:11:20,255 - INFO - ✓ Fetched 1 records for HCLTECH
2026-01-11 12:11:20,834 - INFO - ✓ Fetched 1 records for HDFCBANK
2026-01-11 12:11:21,403 - INFO - ✓ Fetched 1 records for HDFCLIFE
2026-01-11 12:11:21,980 - INFO - ✓ Fetched 1 records for HEROMOTOCO
2026-01-11 12:11:22,549 - INFO - ✓ Fetched 1 records for HINDALCO
2026-01-11 12:11:23,121 - INFO - ✓ Fetched 1 records for HINDPETRO
2026-01-11 12:11:23,696 - INFO - ✓ Fetched 1 records for HINDUNILVR
2026-01-11 12:11:24,260 - INFO - ✓ Fetched 1 records for ICICIBANK
2026-01-11 12:11:24,865 - INFO - ✓ Fetched 1 records for ICICIPRULI
2026-01-11 12:11:25,433 - INFO - ✓ Fetched 1 records for IDEA
2026-01-11 12:11:26,003 - INFO - ✓ Fetched 1 records for IDFCFIRSTB
2026-01-11 12:11:26,573 - INFO - ✓ Fetched 1 records for IGL
2026-01-11 12:11:27,134 - INFO - ✓ Fetched 1 records for INDIGO
2026-01-11 12:11:27,708 - INFO - ✓ Fetched 1 records for INDUSINDBK
2026-01-11 12:11:28,272 - INFO - ✓ Fetched 1 records for INFY
2026-01-11 12:11:28,840 - INFO - ✓ Fetched 1 records for IOC
2026-01-11 12:11:29,412 - INFO - ✓ Fetched 1 records for ITC
2026-01-11 12:11:29,978 - INFO - ✓ Fetched 1 records for JINDALSTEL
2026-01-11 12:11:30,590 - INFO - ✓ Fetched 1 records for JSWSTEEL
2026-01-11 12:11:31,156 - INFO - ✓ Fetched 1 records for JUBLFOOD
2026-01-11 12:11:31,723 - INFO - ✓ Fetched 1 records for JUSTDIAL
2026-01-11 12:11:32,289 - INFO - ✓ Fetched 1 records for KOTAKBANK
2026-01-11 12:11:32,857 - INFO - ✓ Fetched 1 records for LICHSGFIN
2026-01-11 12:11:33,424 - INFO - ✓ Fetched 1 records for LT
2026-01-11 12:11:33,988 - INFO - ✓ Fetched 1 records for LUPIN
2026-01-11 12:11:34,561 - INFO - ✓ Fetched 1 records for M&M
2026-01-11 12:11:35,132 - INFO - ✓ Fetched 1 records for M&MFIN
2026-01-11 12:11:35,705 - INFO - ✓ Fetched 1 records for MANAPPURAM
2026-01-11 12:11:36,275 - INFO - ✓ Fetched 1 records for MARICO
2026-01-11 12:11:36,845 - INFO - ✓ Fetched 1 records for MARUTI
2026-01-11 12:11:37,415 - INFO - ✓ Fetched 1 records for MFSL
2026-01-11 12:11:37,986 - INFO - ✓ Fetched 1 records for MGL
2026-01-11 12:11:38,551 - INFO - ✓ Fetched 1 records for MRF
2026-01-11 12:11:39,120 - INFO - ✓ Fetched 1 records for MUTHOOTFIN
2026-01-11 12:11:39,687 - INFO - ✓ Fetched 1 records for NATIONALUM
2026-01-11 12:11:40,262 - INFO - ✓ Fetched 1 records for NAUKRI
2026-01-11 12:11:40,833 - INFO - ✓ Fetched 1 records for NCC
2026-01-11 12:11:41,398 - INFO - ✓ Fetched 1 records for NESTLEIND
2026-01-11 12:11:41,967 - INFO - ✓ Fetched 1 records for NMDC
2026-01-11 12:11:42,529 - INFO - ✓ Fetched 1 records for NTPC
2026-01-11 12:11:43,098 - INFO - ✓ Fetched 1 records for OIL
2026-01-11 12:11:43,694 - INFO - ✓ Fetched 1 records for ONGC
2026-01-11 12:11:44,261 - INFO - ✓ Fetched 1 records for PAGEIND
2026-01-11 12:11:44,867 - INFO - ✓ Fetched 1 records for PETRONET
2026-01-11 12:11:45,434 - INFO - ✓ Fetched 1 records for PFC
2026-01-11 12:11:46,000 - INFO - ✓ Fetched 1 records for PIDILITIND
2026-01-11 12:11:46,569 - INFO - ✓ Fetched 1 records for PNB
2026-01-11 12:11:47,131 - INFO - ✓ Fetched 1 records for POWERGRID
2026-01-11 12:11:47,736 - INFO - ✓ Fetched 1 records for RAMCOCEM
2026-01-11 12:11:48,307 - INFO - ✓ Fetched 1 records for RBLBANK
2026-01-11 12:11:48,871 - INFO - ✓ Fetched 1 records for RECLTD
2026-01-11 12:11:49,444 - INFO - ✓ Fetched 1 records for RELIANCE
2026-01-11 12:11:50,014 - INFO - ✓ Fetched 1 records for SAIL
2026-01-11 12:11:50,585 - INFO - ✓ Fetched 1 records for SBIN
2026-01-11 12:11:51,153 - INFO - ✓ Fetched 1 records for SHREECEM
2026-01-11 12:11:51,757 - INFO - ✓ Fetched 1 records for SIEMENS
2026-01-11 12:11:52,322 - INFO - ✓ Fetched 1 records for SRF
2026-01-11 12:11:52,890 - INFO - ✓ Fetched 1 records for SUNPHARMA
2026-01-11 12:11:53,455 - INFO - ✓ Fetched 1 records for SUNTV
2026-01-11 12:11:54,020 - INFO - ✓ Fetched 1 records for TATACHEM
2026-01-11 12:11:54,586 - INFO - ✓ Fetched 1 records for TATACONSUM
2026-01-11 12:11:55,358 - INFO - ✓ Fetched 1 records for TATAPOWER
2026-01-11 12:11:55,966 - INFO - ✓ Fetched 1 records for TATASTEEL
2026-01-11 12:11:56,565 - INFO - ✓ Fetched 1 records for TCS
2026-01-11 12:11:57,130 - INFO - ✓ Fetched 1 records for TECHM
2026-01-11 12:11:57,693 - INFO - ✓ Fetched 1 records for TITAN
2026-01-11 12:11:58,301 - INFO - ✓ Fetched 1 records for TORNTPHARM
2026-01-11 12:11:58,863 - INFO - ✓ Fetched 1 records for TORNTPOWER
2026-01-11 12:11:59,433 - INFO - ✓ Fetched 1 records for TVSMOTOR
2026-01-11 12:12:00,000 - INFO - ✓ Fetched 1 records for UBL
2026-01-11 12:12:00,570 - INFO - ✓ Fetched 1 records for ULTRACEMCO
2026-01-11 12:12:01,138 - INFO - ✓ Fetched 1 records for UPL
2026-01-11 12:12:01,707 - INFO - ✓ Fetched 1 records for VEDL
2026-01-11 12:12:02,275 - INFO - ✓ Fetched 1 records for VOLTAS
2026-01-11 12:12:02,841 - INFO - ✓ Fetched 1 records for WIPRO
2026-01-11 12:12:03,443 - INFO - ✓ Fetched 1 records for YESBANK
2026-01-11 12:12:04,009 - INFO - ✓ Fetched 1 records for ZEEL
2026-01-11 12:15:30,798 - INFO - ✓ Fetched 1 records for ACC
2026-01-11 12:15:31,371 - INFO - ✓ Fetched 1 records for ADANIENT
2026-01-11 12:15:31,937 - INFO - ✓ Fetched 1 records for ADANIPORTS
2026-01-11 12:15:32,501 - INFO - ✓ Fetched 1 records for ADANIPOWER
2026-01-11 12:15:33,914 - INFO - ✓ Fetched 1 records for ARE&M
2026-01-11 12:15:34,483 - INFO - ✓ Fetched 1 records for AMBUJACEM
2026-01-11 12:15:35,050 - INFO - ✓ Fetched 1 records for APOLLOHOSP
2026-01-11 12:15:35,651 - INFO - ✓ Fetched 1 records for APOLLOTYRE
2026-01-11 12:15:36,215 - INFO - ✓ Fetched 1 records for ASHOKLEY
2026-01-11 12:15:36,781 - INFO - ✓ Fetched 1 records for ASIANPAINT
2026-01-11 12:15:37,340 - INFO - ✓ Fetched 1 records for AUROPHARMA
2026-01-11 12:15:37,901 - INFO - ✓ Fetched 1 records for AXISBANK
2026-01-11 12:15:38,495 - INFO - ✓ Fetched 1 records for BAJAJ-AUTO
2026-01-11 12:15:39,052 - INFO - ✓ Fetched 1 records for BAJAJFINSV
2026-01-11 12:15:39,626 - INFO - ✓ Fetched 1 records for BAJFINANCE
2026-01-11 12:15:40,187 - INFO - ✓ Fetched 1 records for BALKRISIND
2026-01-11 12:15:40,749 - INFO - ✓ Fetched 1 records for BANDHANBNK
2026-01-11 12:15:41,310 - INFO - ✓ Fetched 1 records for BANKBARODA
2026-01-11 12:15:41,872 - INFO - ✓ Fetched 1 records for BATAINDIA
2026-01-11 12:15:42,436 - INFO - ✓ Fetched 1 records for BEL
2026-01-11 12:15:42,989 - INFO - ✓ Fetched 1 records for BERGEPAINT
2026-01-11 12:15:43,553 - INFO - ✓ Fetched 1 records for BHARATFORG
2026-01-11 12:15:44,117 - INFO - ✓ Fetched 1 records for BHARTIARTL
2026-01-11 12:15:44,681 - INFO - ✓ Fetched 1 records for BHEL
2026-01-11 12:15:45,245 - INFO - ✓ Fetched 1 records for BIOCON
2026-01-11 12:15:45,839 - INFO - ✓ Fetched 1 records for BOSCHLTD
2026-01-11 12:15:46,405 - INFO - ✓ Fetched 1 records for BPCL
2026-01-11 12:15:46,975 - INFO - ✓ Fetched 1 records for BRITANNIA
2026-01-11 12:15:47,548 - INFO - ✓ Fetched 1 records for ZYDUSLIFE
2026-01-11 12:15:48,115 - INFO - ✓ Fetched 1 records for CANBK
2026-01-11 12:15:48,677 - INFO - ✓ Fetched 1 records for ABREL
2026-01-11 12:15:49,240 - INFO - ✓ Fetched 1 records for CESC
2026-01-11 12:15:49,805 - INFO - ✓ Fetched 1 records for CHOLAFIN
2026-01-11 12:15:50,360 - INFO - ✓ Fetched 1 records for CIPLA
2026-01-11 12:15:50,921 - INFO - ✓ Fetched 1 records for COALINDIA
2026-01-11 12:15:51,516 - INFO - ✓ Fetched 1 records for COLPAL
2026-01-11 12:15:52,111 - INFO - ✓ Fetched 1 records for CONCOR
2026-01-11 12:15:52,675 - INFO - ✓ Fetched 1 records for CUMMINSIND
2026-01-11 12:15:53,245 - INFO - ✓ Fetched 1 records for DABUR
2026-01-11 12:15:53,809 - INFO - ✓ Fetched 1 records for DIVISLAB
2026-01-11 12:15:54,378 - INFO - ✓ Fetched 1 records for DLF
2026-01-11 12:15:54,965 - INFO - ✓ Fetched 1 records for DRREDDY
2026-01-11 12:15:55,559 - INFO - ✓ Fetched 1 records for EICHERMOT
2026-01-11 12:15:56,131 - INFO - ✓ Fetched 1 records for EQUITASBNK
2026-01-11 12:15:56,696 - INFO - ✓ Fetched 1 records for ESCORTS
2026-01-11 12:15:57,257 - INFO - ✓ Fetched 1 records for EXIDEIND
2026-01-11 12:15:57,825 - INFO - ✓ Fetched 1 records for FEDERALBNK
2026-01-11 12:15:58,388 - INFO - ✓ Fetched 1 records for GAIL
2026-01-11 12:15:58,962 - INFO - ✓ Fetched 1 records for GLENMARK
2026-01-11 12:15:59,540 - INFO - ✓ Fetched 1 records for GMRAIRPORT
2026-01-11 12:16:00,108 - INFO - ✓ Fetched 1 records for GODREJCP
2026-01-11 12:16:00,681 - INFO - ✓ Fetched 1 records for GODREJPROP
2026-01-11 12:16:01,246 - INFO - ✓ Fetched 1 records for GRASIM
2026-01-11 12:16:01,811 - INFO - ✓ Fetched 1 records for HAVELLS
2026-01-11 12:16:02,385 - INFO - ✓ Fetched 1 records for HCLTECH
2026-01-11 12:16:02,948 - INFO - ✓ Fetched 1 records for HDFCBANK
2026-01-11 12:16:03,516 - INFO - ✓ Fetched 1 records for HDFCBANK
2026-01-11 12:16:04,079 - INFO - ✓ Fetched 1 records for HDFCLIFE
2026-01-11 12:16:04,678 - INFO - ✓ Fetched 1 records for HEROMOTOCO
2026-01-11 12:16:05,246 - INFO - ✓ Fetched 1 records for HINDALCO
2026-01-11 12:16:05,810 - INFO - ✓ Fetched 1 records for HINDPETRO
2026-01-11 12:16:06,368 - INFO - ✓ Fetched 1 records for HINDUNILVR
2026-01-11 12:16:06,971 - INFO - ✓ Fetched 1 records for IBULLSLTD
2026-01-11 12:16:07,540 - INFO - ✓ Fetched 1 records for ICICIBANK
2026-01-11 12:16:08,108 - INFO - ✓ Fetched 1 records for ICICIPRULI
2026-01-11 12:16:08,674 - INFO - ✓ Fetched 1 records for IDEA
2026-01-11 12:16:09,239 - INFO - ✓ Fetched 1 records for IDFCFIRSTB
2026-01-11 12:16:09,812 - INFO - ✓ Fetched 1 records for IGL
2026-01-11 12:16:10,386 - INFO - ✓ Fetched 1 records for INDIGO
2026-01-11 12:16:10,954 - INFO - ✓ Fetched 1 records for INDUSINDBK
2026-01-11 12:16:11,558 - INFO - ✓ Fetched 1 records for INDUSTOWER
2026-01-11 12:16:12,126 - INFO - ✓ Fetched 1 records for INFY
2026-01-11 12:16:12,696 - INFO - ✓ Fetched 1 records for IOC
2026-01-11 12:16:13,261 - INFO - ✓ Fetched 1 records for ITC
2026-01-11 12:16:13,830 - INFO - ✓ Fetched 1 records for JINDALSTEL
2026-01-11 12:16:14,391 - INFO - ✓ Fetched 1 records for JSWSTEEL
2026-01-11 12:16:14,965 - INFO - ✓ Fetched 1 records for JUBLFOOD
2026-01-11 12:16:15,532 - INFO - ✓ Fetched 1 records for JUSTDIAL
2026-01-11 12:16:16,098 - INFO - ✓ Fetched 1 records for KOTAKBANK
2026-01-11 12:16:16,674 - INFO - ✓ Fetched 1 records for LTF
2026-01-11 12:16:17,248 - INFO - ✓ Fetched 1 records for LICHSGFIN
2026-01-11 12:16:17,817 - INFO - ✓ Fetched 1 records for LT
2026-01-11 12:16:18,382 - INFO - ✓ Fetched 1 records for LUPIN
2026-01-11 12:16:18,951 - INFO - ✓ Fetched 1 records for M&M
2026-01-11 12:16:19,554 - INFO - ✓ Fetched 1 records for M&MFIN
2026-01-11 12:16:20,118 - INFO - ✓ Fetched 1 records for MANAPPURAM
2026-01-11 12:16:20,679 - INFO - ✓ Fetched 1 records for MARICO
2026-01-11 12:16:21,283 - INFO - ✓ Fetched 1 records for MARUTI
2026-01-11 12:16:21,858 - INFO - ✓ Fetched 1 records for UNITDSPR
2026-01-11 12:16:22,457 - INFO - ✓ Fetched 1 records for MFSL
2026-01-11 12:16:23,028 - INFO - ✓ Fetched 1 records for MGL
2026-01-11 12:16:23,590 - INFO - ✓ Fetched 1 records for LTIM
2026-01-11 12:16:24,163 - INFO - ✓ Fetched 1 records for MOTHERSON
2026-01-11 12:16:24,766 - INFO - ✓ Fetched 1 records for MRF
2026-01-11 12:16:25,329 - INFO - ✓ Fetched 1 records for MUTHOOTFIN
2026-01-11 12:16:25,897 - INFO - ✓ Fetched 1 records for NATIONALUM
2026-01-11 12:16:26,465 - INFO - ✓ Fetched 1 records for NAUKRI
2026-01-11 12:16:27,030 - INFO - ✓ Fetched 1 records for NCC
2026-01-11 12:16:27,600 - INFO - ✓ Fetched 1 records for NESTLEIND
2026-01-11 12:16:28,171 - INFO - ✓ Fetched 1 records for COFORGE
2026-01-11 12:16:28,737 - INFO - ✓ Fetched 1 records for NMDC
2026-01-11 12:16:29,310 - INFO - ✓ Fetched 1 records for NTPC
2026-01-11 12:16:29,880 - INFO - ✓ Fetched 1 records for OIL
2026-01-11 12:16:30,442 - INFO - ✓ Fetched 1 records for ONGC
2026-01-11 12:16:31,008 - INFO - ✓ Fetched 1 records for PAGEIND
2026-01-11 12:16:31,584 - INFO - ✓ Fetched 1 records for POONAWALLA
2026-01-11 12:16:32,151 - INFO - ✓ Fetched 1 records for PETRONET
2026-01-11 12:16:32,719 - INFO - ✓ Fetched 1 records for PFC
2026-01-11 12:16:33,286 - INFO - ✓ Fetched 1 records for PIDILITIND
2026-01-11 12:16:33,860 - INFO - ✓ Fetched 1 records for PNB
2026-01-11 12:16:34,427 - INFO - ✓ Fetched 1 records for POWERGRID
2026-01-11 12:16:34,995 - INFO - ✓ Fetched 1 records for PVRINOX
2026-01-11 12:16:35,558 - INFO - ✓ Fetched 1 records for RAMCOCEM
2026-01-11 12:16:36,121 - INFO - ✓ Fetched 1 records for RBLBANK
2026-01-11 12:16:36,688 - INFO - ✓ Fetched 1 records for RECLTD
2026-01-11 12:16:37,257 - INFO - ✓ Fetched 1 records for RELIANCE
2026-01-11 12:16:37,819 - INFO - ✓ Fetched 1 records for SAIL
2026-01-11 12:16:38,386 - INFO - ✓ Fetched 1 records for SBIN
2026-01-11 12:16:38,957 - INFO - ✓ Fetched 1 records for SHREECEM
2026-01-11 12:16:39,527 - INFO - ✓ Fetched 1 records for SIEMENS
2026-01-11 12:16:40,093 - INFO - ✓ Fetched 1 records for SRF
2026-01-11 12:16:40,668 - INFO - ✓ Fetched 1 records for SHRIRAMFIN
2026-01-11 12:16:41,240 - INFO - ✓ Fetched 1 records for SUNPHARMA
2026-01-11 12:16:41,813 - INFO - ✓ Fetched 1 records for SUNTV
2026-01-11 12:16:42,379 - INFO - ✓ Fetched 1 records for TATACHEM
2026-01-11 12:16:42,946 - INFO - ✓ Fetched 1 records for TATACONSUM
2026-01-11 12:16:43,513 - WARNING - No data returned for TMCV
2026-01-11 12:16:44,078 - INFO - ✓ Fetched 1 records for TATAPOWER
2026-01-11 12:16:44,645 - INFO - ✓ Fetched 1 records for TATASTEEL
2026-01-11 12:16:45,206 - INFO - ✓ Fetched 1 records for TCS
2026-01-11 12:16:45,773 - INFO - ✓ Fetched 1 records for TECHM
2026-01-11 12:16:46,346 - INFO - ✓ Fetched 1 records for TITAN
2026-01-11 12:16:46,911 - INFO - ✓ Fetched 1 records for TORNTPHARM
2026-01-11 12:16:47,482 - INFO - ✓ Fetched 1 records for TORNTPOWER
2026-01-11 12:16:48,044 - INFO - ✓ Fetched 1 records for TVSMOTOR
2026-01-11 12:16:48,642 - INFO - ✓ Fetched 1 records for UBL
2026-01-11 12:16:49,213 - INFO - ✓ Fetched 1 records for UJJIVANSFB
2026-01-11 12:16:49,777 - INFO - ✓ Fetched 1 records for ULTRACEMCO
2026-01-11 12:16:50,352 - INFO - ✓ Fetched 1 records for UPL
2026-01-11 12:16:50,920 - INFO - ✓ Fetched 1 records for VEDL
2026-01-11 12:16:51,522 - INFO - ✓ Fetched 1 records for VOLTAS
2026-01-11 12:16:52,092 - INFO - ✓ Fetched 1 records for WIPRO
2026-01-11 12:16:52,660 - INFO - ✓ Fetched 1 records for YESBANK
2026-01-11 12:16:53,232 - INFO - ✓ Fetched 1 records for ZEEL
2026-01-11 12:23:27,698 - INFO - ✓ Fetched 1 records for ACC
2026-01-11 12:23:28,481 - INFO - ✓ Fetched 1 records for ADANIENT
2026-01-11 12:23:29,050 - INFO - ✓ Fetched 1 records for ADANIPORTS
2026-01-11 12:23:29,617 - INFO - ✓ Fetched 1 records for ADANIPOWER
2026-01-11 12:23:30,182 - INFO - ✓ Fetched 1 records for ARE&M
2026-01-11 12:23:30,750 - INFO - ✓ Fetched 1 records for AMBUJACEM
2026-01-11 12:23:32,212 - INFO - ✓ Fetched 1 records for APOLLOHOSP
2026-01-11 12:23:32,774 - INFO - ✓ Fetched 1 records for APOLLOTYRE
2026-01-11 12:23:33,382 - INFO - ✓ Fetched 1 records for ASHOKLEY
2026-01-11 12:23:33,951 - INFO - ✓ Fetched 1 records for ASIANPAINT
2026-01-11 12:23:34,519 - INFO - ✓ Fetched 1 records for AUROPHARMA
2026-01-11 12:23:35,090 - INFO - ✓ Fetched 1 records for AXISBANK
2026-01-11 12:23:35,658 - INFO - ✓ Fetched 1 records for BAJAJ-AUTO
2026-01-11 12:23:36,230 - INFO - ✓ Fetched 1 records for BAJAJFINSV
2026-01-11 12:23:36,799 - INFO - ✓ Fetched 1 records for BAJFINANCE
2026-01-11 12:23:37,365 - INFO - ✓ Fetched 1 records for BALKRISIND
2026-01-11 12:23:37,934 - INFO - ✓ Fetched 1 records for BANDHANBNK
2026-01-11 12:23:38,502 - INFO - ✓ Fetched 1 records for BANKBARODA
2026-01-11 12:23:39,070 - INFO - ✓ Fetched 1 records for BATAINDIA
2026-01-11 12:23:39,640 - INFO - ✓ Fetched 1 records for BEL
2026-01-11 12:23:40,204 - INFO - ✓ Fetched 1 records for BERGEPAINT
2026-01-11 12:23:40,813 - INFO - ✓ Fetched 1 records for BHARATFORG
2026-01-11 12:23:41,418 - INFO - ✓ Fetched 1 records for BHARTIARTL
2026-01-11 12:23:41,990 - INFO - ✓ Fetched 1 records for BHEL
2026-01-11 12:23:42,562 - INFO - ✓ Fetched 1 records for BIOCON
2026-01-11 12:23:43,127 - INFO - ✓ Fetched 1 records for BOSCHLTD
2026-01-11 12:23:43,691 - INFO - ✓ Fetched 1 records for BPCL
2026-01-11 12:23:44,266 - INFO - ✓ Fetched 1 records for BRITANNIA
2026-01-11 12:23:44,837 - INFO - ✓ Fetched 1 records for ZYDUSLIFE
2026-01-11 12:23:45,405 - INFO - ✓ Fetched 1 records for CANBK
2026-01-11 12:23:45,976 - INFO - ✓ Fetched 1 records for ABREL
2026-01-11 12:23:46,541 - INFO - ✓ Fetched 1 records for CESC
2026-01-11 12:23:47,108 - INFO - ✓ Fetched 1 records for CHOLAFIN
2026-01-11 12:23:47,684 - INFO - ✓ Fetched 1 records for CIPLA
2026-01-11 12:23:48,251 - INFO - ✓ Fetched 1 records for COALINDIA
2026-01-11 12:23:48,824 - INFO - ✓ Fetched 1 records for COLPAL
2026-01-11 12:23:49,389 - INFO - ✓ Fetched 1 records for CONCOR
2026-01-11 12:23:49,962 - INFO - ✓ Fetched 1 records for CUMMINSIND
2026-01-11 12:23:50,531 - INFO - ✓ Fetched 1 records for DABUR
2026-01-11 12:23:51,096 - INFO - ✓ Fetched 1 records for DIVISLAB
2026-01-11 12:23:51,668 - INFO - ✓ Fetched 1 records for DLF
2026-01-11 12:23:52,272 - INFO - ✓ Fetched 1 records for DRREDDY
2026-01-11 12:23:52,836 - INFO - ✓ Fetched 1 records for EICHERMOT
2026-01-11 12:23:53,399 - INFO - ✓ Fetched 1 records for EQUITASBNK
2026-01-11 12:23:53,984 - INFO - ✓ Fetched 1 records for ESCORTS
2026-01-11 12:23:54,549 - INFO - ✓ Fetched 1 records for EXIDEIND
2026-01-11 12:23:55,138 - INFO - ✓ Fetched 1 records for FEDERALBNK
2026-01-11 12:23:55,710 - INFO - ✓ Fetched 1 records for GAIL
2026-01-11 12:23:56,282 - INFO - ✓ Fetched 1 records for GLENMARK
2026-01-11 12:23:56,851 - INFO - ✓ Fetched 1 records for GMRAIRPORT
2026-01-11 12:23:57,420 - INFO - ✓ Fetched 1 records for GODREJCP
2026-01-11 12:23:57,989 - INFO - ✓ Fetched 1 records for GODREJPROP
2026-01-11 12:23:58,559 - INFO - ✓ Fetched 1 records for GRASIM
2026-01-11 12:23:59,122 - INFO - ✓ Fetched 1 records for HAVELLS
2026-01-11 12:23:59,688 - INFO - ✓ Fetched 1 records for HCLTECH
2026-01-11 12:24:00,256 - INFO - ✓ Fetched 1 records for HDFCBANK
2026-01-11 12:24:00,822 - INFO - ✓ Fetched 1 records for HDFCBANK
2026-01-11 12:24:01,389 - INFO - ✓ Fetched 1 records for HDFCLIFE
2026-01-11 12:24:01,954 - INFO - ✓ Fetched 1 records for HEROMOTOCO
2026-01-11 12:24:02,521 - INFO - ✓ Fetched 1 records for HINDALCO
2026-01-11 12:24:03,128 - INFO - ✓ Fetched 1 records for HINDPETRO
2026-01-11 12:24:03,699 - INFO - ✓ Fetched 1 records for HINDUNILVR
2026-01-11 12:24:04,303 - INFO - ✓ Fetched 1 records for IBULLSLTD
2026-01-11 12:24:04,869 - INFO - ✓ Fetched 1 records for ICICIBANK
2026-01-11 12:24:05,435 - INFO - ✓ Fetched 1 records for ICICIPRULI
2026-01-11 12:24:06,040 - INFO - ✓ Fetched 1 records for IDEA
2026-01-11 12:24:06,606 - INFO - ✓ Fetched 1 records for IDFCFIRSTB
2026-01-11 12:24:07,212 - INFO - ✓ Fetched 1 records for IGL
2026-01-11 12:24:07,777 - INFO - ✓ Fetched 1 records for INDIGO
2026-01-11 12:24:08,345 - INFO - ✓ Fetched 1 records for INDUSINDBK
2026-01-11 12:24:08,906 - INFO - ✓ Fetched 1 records for INDUSTOWER
2026-01-11 12:24:09,471 - INFO - ✓ Fetched 1 records for INFY
2026-01-11 12:24:10,037 - INFO - ✓ Fetched 1 records for IOC
2026-01-11 12:24:10,604 - INFO - ✓ Fetched 1 records for ITC
2026-01-11 12:24:11,170 - INFO - ✓ Fetched 1 records for JINDALSTEL
2026-01-11 12:24:11,740 - INFO - ✓ Fetched 1 records for JSWSTEEL
2026-01-11 12:24:12,317 - INFO - ✓ Fetched 1 records for JUBLFOOD
2026-01-11 12:24:12,886 - INFO - ✓ Fetched 1 records for JUSTDIAL
2026-01-11 12:24:13,459 - INFO - ✓ Fetched 1 records for KOTAKBANK
2026-01-11 12:24:14,023 - INFO - ✓ Fetched 1 records for LTF
2026-01-11 12:24:14,594 - INFO - ✓ Fetched 1 records for LICHSGFIN
2026-01-11 12:24:15,163 - INFO - ✓ Fetched 1 records for LT
2026-01-11 12:24:15,734 - INFO - ✓ Fetched 1 records for LUPIN
2026-01-11 12:24:16,301 - INFO - ✓ Fetched 1 records for M&M
2026-01-11 12:24:16,866 - INFO - ✓ Fetched 1 records for M&MFIN
2026-01-11 12:24:17,442 - INFO - ✓ Fetched 1 records for MANAPPURAM
2026-01-11 12:24:18,011 - INFO - ✓ Fetched 1 records for MARICO
2026-01-11 12:24:18,578 - INFO - ✓ Fetched 1 records for MARUTI
2026-01-11 12:24:19,147 - INFO - ✓ Fetched 1 records for UNITDSPR
2026-01-11 12:24:19,710 - INFO - ✓ Fetched 1 records for MFSL
2026-01-11 12:24:20,289 - INFO - ✓ Fetched 1 records for MGL
2026-01-11 12:24:20,859 - INFO - ✓ Fetched 1 records for LTIM
2026-01-11 12:24:21,429 - INFO - ✓ Fetched 1 records for MOTHERSON
2026-01-11 12:24:21,992 - INFO - ✓ Fetched 1 records for MRF
2026-01-11 12:24:22,559 - INFO - ✓ Fetched 1 records for MUTHOOTFIN
2026-01-11 12:24:23,130 - INFO - ✓ Fetched 1 records for NATIONALUM
2026-01-11 12:24:23,696 - INFO - ✓ Fetched 1 records for NAUKRI
2026-01-11 12:24:24,264 - INFO - ✓ Fetched 1 records for NCC
2026-01-11 12:24:24,828 - INFO - ✓ Fetched 1 records for NESTLEIND
2026-01-11 12:24:25,399 - INFO - ✓ Fetched 1 records for COFORGE
2026-01-11 12:24:25,971 - INFO - ✓ Fetched 1 records for NMDC
2026-01-11 12:24:26,536 - INFO - ✓ Fetched 1 records for NTPC
2026-01-11 12:24:27,112 - INFO - ✓ Fetched 1 records for OIL
2026-01-11 12:24:27,717 - INFO - ✓ Fetched 1 records for ONGC
2026-01-11 12:24:28,286 - INFO - ✓ Fetched 1 records for PAGEIND
2026-01-11 12:24:29,070 - INFO - ✓ Fetched 1 records for POONAWALLA
2026-01-11 12:24:29,639 - INFO - ✓ Fetched 1 records for PETRONET
2026-01-11 12:24:30,209 - INFO - ✓ Fetched 1 records for PFC
2026-01-11 12:24:30,776 - INFO - ✓ Fetched 1 records for PIDILITIND
2026-01-11 12:24:31,380 - INFO - ✓ Fetched 1 records for PNB
2026-01-11 12:24:31,986 - INFO - ✓ Fetched 1 records for POWERGRID
2026-01-11 12:24:32,552 - INFO - ✓ Fetched 1 records for PVRINOX
2026-01-11 12:24:33,158 - INFO - ✓ Fetched 1 records for RAMCOCEM
2026-01-11 12:24:33,764 - INFO - ✓ Fetched 1 records for RBLBANK
2026-01-11 12:24:34,327 - INFO - ✓ Fetched 1 records for RECLTD
2026-01-11 12:24:34,896 - INFO - ✓ Fetched 1 records for RELIANCE
2026-01-11 12:24:35,469 - INFO - ✓ Fetched 1 records for SAIL
2026-01-11 12:24:36,038 - INFO - ✓ Fetched 1 records for SBIN
2026-01-11 12:24:36,603 - INFO - ✓ Fetched 1 records for SHREECEM
2026-01-11 12:24:37,179 - INFO - ✓ Fetched 1 records for SIEMENS
2026-01-11 12:24:37,751 - INFO - ✓ Fetched 1 records for SRF
2026-01-11 12:24:38,318 - INFO - ✓ Fetched 1 records for SHRIRAMFIN
2026-01-11 12:24:38,885 - INFO - ✓ Fetched 1 records for SUNPHARMA
2026-01-11 12:24:39,461 - INFO - ✓ Fetched 1 records for SUNTV
2026-01-11 12:24:40,025 - INFO - ✓ Fetched 1 records for TATACHEM
2026-01-11 12:24:40,589 - INFO - ✓ Fetched 1 records for TATACONSUM
2026-01-11 12:24:41,161 - INFO - ✓ Fetched 1 records for TMPV
2026-01-11 12:24:41,740 - INFO - ✓ Fetched 1 records for TATAPOWER
2026-01-11 12:24:42,304 - INFO - ✓ Fetched 1 records for TATASTEEL
2026-01-11 12:24:42,865 - INFO - ✓ Fetched 1 records for TCS
2026-01-11 12:24:43,435 - INFO - ✓ Fetched 1 records for TECHM
2026-01-11 12:24:44,005 - INFO - ✓ Fetched 1 records for TITAN
2026-01-11 12:24:44,579 - INFO - ✓ Fetched 1 records for TORNTPHARM
2026-01-11 12:24:45,153 - INFO - ✓ Fetched 1 records for TORNTPOWER
2026-01-11 12:24:45,739 - INFO - ✓ Fetched 1 records for TVSMOTOR
2026-01-11 12:24:46,309 - INFO - ✓ Fetched 1 records for UBL
2026-01-11 12:24:46,878 - INFO - ✓ Fetched 1 records for UJJIVANSFB
2026-01-11 12:24:47,440 - INFO - ✓ Fetched 1 records for ULTRACEMCO
2026-01-11 12:24:48,053 - INFO - ✓ Fetched 1 records for UPL
2026-01-11 12:24:48,622 - INFO - ✓ Fetched 1 records for VEDL
2026-01-11 12:24:49,191 - INFO - ✓ Fetched 1 records for VOLTAS
2026-01-11 12:24:49,757 - INFO - ✓ Fetched 1 records for WIPRO
2026-01-11 12:24:50,327 - INFO - ✓ Fetched 1 records for YESBANK
2026-01-11 12:24:50,903 - INFO - ✓ Fetched 1 records for ZEEL
2026-01-11 12:45:11,958 - INFO - ✓ Fetched 662 records for ACC
2026-01-11 12:45:12,844 - INFO - ✓ Fetched 662 records for ADANIENT
2026-01-11 12:45:13,702 - INFO - ✓ Fetched 662 records for ADANIPORTS
2026-01-11 12:45:14,562 - INFO - ✓ Fetched 662 records for ADANIPOWER
2026-01-11 12:45:15,416 - INFO - ✓ Fetched 662 records for ARE&M
2026-01-11 12:45:16,266 - INFO - ✓ Fetched 662 records for AMBUJACEM
2026-01-11 12:45:17,127 - INFO - ✓ Fetched 662 records for APOLLOHOSP
2026-01-11 12:45:17,984 - INFO - ✓ Fetched 662 records for APOLLOTYRE
2026-01-11 12:45:18,835 - INFO - ✓ Fetched 662 records for ASHOKLEY
2026-01-11 12:45:19,677 - INFO - ✓ Fetched 662 records for ASIANPAINT
2026-01-11 12:45:20,537 - INFO - ✓ Fetched 662 records for AUROPHARMA
2026-01-11 12:45:21,398 - INFO - ✓ Fetched 662 records for AXISBANK
2026-01-11 12:45:22,257 - INFO - ✓ Fetched 662 records for BAJAJ-AUTO
2026-01-11 12:45:23,111 - INFO - ✓ Fetched 662 records for BAJAJFINSV
2026-01-11 12:45:23,964 - INFO - ✓ Fetched 662 records for BAJFINANCE
2026-01-11 12:45:24,823 - INFO - ✓ Fetched 662 records for BALKRISIND
2026-01-11 12:45:25,673 - INFO - ✓ Fetched 662 records for BANDHANBNK
2026-01-11 12:45:26,542 - INFO - ✓ Fetched 662 records for BANKBARODA
2026-01-11 12:45:27,394 - INFO - ✓ Fetched 662 records for BATAINDIA
2026-01-11 12:45:28,256 - INFO - ✓ Fetched 662 records for BEL
2026-01-11 12:45:29,119 - INFO - ✓ Fetched 662 records for BERGEPAINT
2026-01-11 12:45:30,179 - INFO - ✓ Fetched 662 records for BHARATFORG
2026-01-11 12:45:31,030 - INFO - ✓ Fetched 662 records for BHARTIARTL
2026-01-11 12:45:31,886 - INFO - ✓ Fetched 662 records for BHEL
2026-01-11 12:45:32,735 - INFO - ✓ Fetched 662 records for BIOCON
2026-01-11 12:45:33,592 - INFO - ✓ Fetched 662 records for BOSCHLTD
2026-01-11 12:45:34,468 - INFO - ✓ Fetched 662 records for BPCL
2026-01-11 12:45:35,312 - INFO - ✓ Fetched 662 records for BRITANNIA
2026-01-11 12:45:36,182 - INFO - ✓ Fetched 662 records for ZYDUSLIFE
2026-01-11 12:45:37,034 - INFO - ✓ Fetched 662 records for CANBK
2026-01-11 12:45:37,888 - INFO - ✓ Fetched 662 records for ABREL
2026-01-11 12:45:38,752 - INFO - ✓ Fetched 662 records for CESC
2026-01-11 12:45:39,606 - INFO - ✓ Fetched 662 records for CHOLAFIN
2026-01-11 12:45:40,463 - INFO - ✓ Fetched 662 records for CIPLA
2026-01-11 12:45:41,324 - INFO - ✓ Fetched 662 records for COALINDIA
2026-01-11 12:45:42,333 - INFO - ✓ Fetched 662 records for COLPAL
2026-01-11 12:45:43,190 - INFO - ✓ Fetched 662 records for CONCOR
2026-01-11 12:45:44,046 - INFO - ✓ Fetched 662 records for CUMMINSIND
2026-01-11 12:45:44,895 - INFO - ✓ Fetched 662 records for DABUR
2026-01-11 12:45:45,741 - INFO - ✓ Fetched 662 records for DIVISLAB
2026-01-11 12:45:46,600 - INFO - ✓ Fetched 662 records for DLF
2026-01-11 12:45:47,456 - INFO - ✓ Fetched 662 records for DRREDDY
2026-01-11 12:45:48,318 - INFO - ✓ Fetched 662 records for EICHERMOT
2026-01-11 12:45:49,150 - INFO - ✓ Fetched 516 records for EQUITASBNK
2026-01-11 12:45:49,152 - WARNING - EQUITASBNK: Insufficient coverage 76.9%
2026-01-11 12:45:50,015 - INFO - ✓ Fetched 662 records for ESCORTS
2026-01-11 12:45:50,878 - INFO - ✓ Fetched 662 records for EXIDEIND
2026-01-11 12:45:51,735 - INFO - ✓ Fetched 662 records for FEDERALBNK
2026-01-11 12:45:52,588 - INFO - ✓ Fetched 662 records for GAIL
2026-01-11 12:45:53,436 - INFO - ✓ Fetched 662 records for GLENMARK
2026-01-11 12:45:54,307 - INFO - ✓ Fetched 662 records for GMRAIRPORT
2026-01-11 12:45:55,152 - INFO - ✓ Fetched 662 records for GODREJCP
2026-01-11 12:45:56,002 - INFO - ✓ Fetched 662 records for GODREJPROP
2026-01-11 12:45:56,851 - INFO - ✓ Fetched 662 records for GRASIM
2026-01-11 12:45:57,714 - INFO - ✓ Fetched 662 records for HAVELLS
2026-01-11 12:45:58,570 - INFO - ✓ Fetched 662 records for HCLTECH
2026-01-11 12:45:59,426 - INFO - ✓ Fetched 662 records for HDFCBANK
2026-01-11 12:46:00,274 - INFO - ✓ Fetched 662 records for HDFCBANK
2026-01-11 12:46:01,128 - INFO - ✓ Fetched 662 records for HDFCLIFE
2026-01-11 12:46:01,985 - INFO - ✓ Fetched 662 records for HEROMOTOCO
2026-01-11 12:46:02,834 - INFO - ✓ Fetched 662 records for HINDALCO
2026-01-11 12:46:03,690 - INFO - ✓ Fetched 662 records for HINDPETRO
2026-01-11 12:46:04,550 - INFO - ✓ Fetched 662 records for HINDUNILVR
2026-01-11 12:46:05,397 - INFO - ✓ Fetched 662 records for IBULLSLTD
2026-01-11 12:46:06,461 - INFO - ✓ Fetched 662 records for ICICIBANK
2026-01-11 12:46:07,310 - INFO - ✓ Fetched 662 records for ICICIPRULI
2026-01-11 12:46:08,162 - INFO - ✓ Fetched 662 records for IDEA
2026-01-11 12:46:09,035 - INFO - ✓ Fetched 662 records for IDFCFIRSTB
2026-01-11 12:46:09,896 - INFO - ✓ Fetched 662 records for IGL
2026-01-11 12:46:10,774 - INFO - ✓ Fetched 662 records for INDIGO
2026-01-11 12:46:11,698 - INFO - ✓ Fetched 662 records for INDUSINDBK
2026-01-11 12:46:12,553 - INFO - ✓ Fetched 662 records for INDUSTOWER
2026-01-11 12:46:13,413 - INFO - ✓ Fetched 662 records for INFY
2026-01-11 12:46:14,284 - INFO - ✓ Fetched 662 records for IOC
2026-01-11 12:46:15,134 - INFO - ✓ Fetched 662 records for ITC
2026-01-11 12:46:15,993 - INFO - ✓ Fetched 662 records for JINDALSTEL
2026-01-11 12:46:16,847 - INFO - ✓ Fetched 662 records for JSWSTEEL
2026-01-11 12:46:17,699 - INFO - ✓ Fetched 662 records for JUBLFOOD
2026-01-11 12:46:18,543 - INFO - ✓ Fetched 662 records for JUSTDIAL
2026-01-11 12:46:19,386 - INFO - ✓ Fetched 662 records for KOTAKBANK
2026-01-11 12:46:20,247 - INFO - ✓ Fetched 662 records for LTF
2026-01-11 12:46:21,117 - INFO - ✓ Fetched 662 records for LICHSGFIN
2026-01-11 12:46:21,971 - INFO - ✓ Fetched 662 records for LT
2026-01-11 12:46:22,836 - INFO - ✓ Fetched 662 records for LUPIN
2026-01-11 12:46:23,680 - INFO - ✓ Fetched 662 records for M&M
2026-01-11 12:46:24,539 - INFO - ✓ Fetched 662 records for M&MFIN
2026-01-11 12:46:25,394 - INFO - ✓ Fetched 662 records for MANAPPURAM
2026-01-11 12:46:26,265 - INFO - ✓ Fetched 662 records for MARICO
2026-01-11 12:46:27,122 - INFO - ✓ Fetched 662 records for MARUTI
2026-01-11 12:46:27,967 - INFO - ✓ Fetched 662 records for UNITDSPR
2026-01-11 12:46:28,816 - INFO - ✓ Fetched 662 records for MFSL
2026-01-11 12:46:29,671 - INFO - ✓ Fetched 662 records for MGL
2026-01-11 12:46:30,545 - INFO - ✓ Fetched 662 records for LTIM
2026-01-11 12:46:31,441 - INFO - ✓ Fetched 662 records for MOTHERSON
2026-01-11 12:46:32,297 - INFO - ✓ Fetched 662 records for MRF
2026-01-11 12:46:33,149 - INFO - ✓ Fetched 662 records for MUTHOOTFIN
2026-01-11 12:46:33,992 - INFO - ✓ Fetched 662 records for NATIONALUM
2026-01-11 12:46:34,851 - INFO - ✓ Fetched 662 records for NAUKRI
2026-01-11 12:46:35,704 - INFO - ✓ Fetched 662 records for NCC
2026-01-11 12:46:36,566 - INFO - ✓ Fetched 662 records for NESTLEIND
2026-01-11 12:46:37,413 - INFO - ✓ Fetched 662 records for COFORGE
2026-01-11 12:46:38,258 - INFO - ✓ Fetched 662 records for NMDC
2026-01-11 12:46:39,105 - INFO - ✓ Fetched 662 records for NTPC
2026-01-11 12:46:39,953 - INFO - ✓ Fetched 662 records for OIL
2026-01-11 12:46:40,806 - INFO - ✓ Fetched 662 records for ONGC
2026-01-11 12:46:41,687 - INFO - ✓ Fetched 662 records for PAGEIND
2026-01-11 12:46:42,540 - INFO - ✓ Fetched 662 records for POONAWALLA
2026-01-11 12:46:43,391 - INFO - ✓ Fetched 662 records for PETRONET
2026-01-11 12:46:44,249 - INFO - ✓ Fetched 662 records for PFC
2026-01-11 12:46:45,118 - INFO - ✓ Fetched 662 records for PIDILITIND
2026-01-11 12:46:45,972 - INFO - ✓ Fetched 662 records for PNB
2026-01-11 12:46:46,832 - INFO - ✓ Fetched 662 records for POWERGRID
2026-01-11 12:46:47,701 - INFO - ✓ Fetched 662 records for PVRINOX
2026-01-11 12:46:48,547 - INFO - ✓ Fetched 662 records for RAMCOCEM
2026-01-11 12:46:49,401 - INFO - ✓ Fetched 662 records for RBLBANK
2026-01-11 12:46:50,257 - INFO - ✓ Fetched 662 records for RECLTD
2026-01-11 12:46:51,118 - INFO - ✓ Fetched 662 records for RELIANCE
2026-01-11 12:46:51,969 - INFO - ✓ Fetched 662 records for SAIL
2026-01-11 12:46:52,851 - INFO - ✓ Fetched 662 records for SBIN
2026-01-11 12:46:53,717 - INFO - ✓ Fetched 662 records for SHREECEM
2026-01-11 12:46:54,573 - INFO - ✓ Fetched 662 records for SIEMENS
2026-01-11 12:46:55,422 - INFO - ✓ Fetched 662 records for SRF
2026-01-11 12:46:56,295 - INFO - ✓ Fetched 662 records for SHRIRAMFIN
2026-01-11 12:46:57,144 - INFO - ✓ Fetched 662 records for SUNPHARMA
2026-01-11 12:46:57,999 - INFO - ✓ Fetched 662 records for SUNTV
2026-01-11 12:46:58,861 - INFO - ✓ Fetched 662 records for TATACHEM
2026-01-11 12:46:59,729 - INFO - ✓ Fetched 662 records for TATACONSUM
2026-01-11 12:47:00,583 - INFO - ✓ Fetched 662 records for TMPV
2026-01-11 12:47:01,453 - INFO - ✓ Fetched 662 records for TATAPOWER
2026-01-11 12:47:02,321 - INFO - ✓ Fetched 662 records for TATASTEEL
2026-01-11 12:47:03,184 - INFO - ✓ Fetched 662 records for TCS
2026-01-11 12:47:04,055 - INFO - ✓ Fetched 662 records for TECHM
2026-01-11 12:47:04,921 - INFO - ✓ Fetched 662 records for TITAN
2026-01-11 12:47:05,771 - INFO - ✓ Fetched 662 records for TORNTPHARM
2026-01-11 12:47:06,625 - INFO - ✓ Fetched 662 records for TORNTPOWER
2026-01-11 12:47:07,485 - INFO - ✓ Fetched 662 records for TVSMOTOR
2026-01-11 12:47:08,356 - INFO - ✓ Fetched 662 records for UBL
2026-01-11 12:47:09,226 - INFO - ✓ Fetched 662 records for UJJIVANSFB
2026-01-11 12:47:10,083 - INFO - ✓ Fetched 662 records for ULTRACEMCO
2026-01-11 12:47:10,941 - INFO - ✓ Fetched 662 records for UPL
2026-01-11 12:47:11,806 - INFO - ✓ Fetched 662 records for VEDL
2026-01-11 12:47:12,654 - INFO - ✓ Fetched 662 records for VOLTAS
2026-01-11 12:47:13,521 - INFO - ✓ Fetched 662 records for WIPRO
2026-01-11 12:47:14,373 - INFO - ✓ Fetched 662 records for YESBANK
2026-01-11 12:47:15,228 - INFO - ✓ Fetched 662 records for ZEEL
