2026-01-11 19:38:39,354 - INFO - ✓ Fetched 245 records for AARTIIND (AARTIIND.NS)
2026-01-11 19:38:40,000 - INFO - ✓ Fetched 245 records for ABB (ABB.NS)
2026-01-11 19:38:40,664 - INFO - ✓ Fetched 245 records for ABBOTINDIA (ABBOTINDIA.NS)
2026-01-11 19:38:41,227 - INFO - ✓ Fetched 245 records for ABCAPITAL (ABCAPITAL.NS)
2026-01-11 19:38:41,675 - INFO - ✓ Fetched 245 records for ABFRL (ABFRL.NS)
2026-01-11 19:38:42,157 - INFO - ✓ Fetched 245 records for ACC (ACC.NS)
2026-01-11 19:38:42,628 - INFO - ✓ Fetched 245 records for ADANIENT (ADANIENT.NS)
2026-01-11 19:38:43,103 - INFO - ✓ Fetched 245 records for ADANIPORTS (ADANIPORTS.NS)
2026-01-11 19:38:43,615 - INFO - ✓ Fetched 245 records for ALKEM (ALKEM.NS)
2026-01-11 19:38:44,140 - INFO - ✓ Fetched 245 records for AMBUJACEM (AMBUJACEM.NS)
2026-01-11 19:38:44,617 - INFO - ✓ Fetched 245 records for APOLLOHOSP (APOLLOHOSP.NS)
2026-01-11 19:38:45,097 - INFO - ✓ Fetched 245 records for APOLLOTYRE (APOLLOTYRE.NS)
2026-01-11 19:38:45,578 - INFO - ✓ Fetched 245 records for ASHOKLEY (ASHOKLEY.NS)
2026-01-11 19:38:46,076 - INFO - ✓ Fetched 245 records for ASIANPAINT (ASIANPAINT.NS)
2026-01-11 19:38:46,637 - INFO - ✓ Fetched 245 records for ASTRAL (ASTRAL.NS)
2026-01-11 19:38:47,272 - INFO - ✓ Fetched 245 records for ATUL (ATUL.NS)
2026-01-11 19:38:47,892 - INFO - ✓ Fetched 245 records for AUBANK (AUBANK.NS)
2026-01-11 19:38:48,345 - INFO - ✓ Fetched 245 records for AUROPHARMA (AUROPHARMA.NS)
2026-01-11 19:38:48,802 - INFO - ✓ Fetched 245 records for AXISBANK (AXISBANK.NS)
2026-01-11 19:38:49,215 - INFO - ✓ Fetched 245 records for BAJAJ-AUTO (BAJAJ-AUTO.NS)
2026-01-11 19:38:49,621 - INFO - ✓ Fetched 245 records for BAJAJFINSV (BAJAJFINSV.NS)
2026-01-11 19:38:50,040 - INFO - ✓ Fetched 245 records for BAJFINANCE (BAJFINANCE.NS)
2026-01-11 19:38:50,469 - INFO - ✓ Fetched 245 records for BALKRISIND (BALKRISIND.NS)
2026-01-11 19:38:50,999 - INFO - ✓ Fetched 245 records for BALRAMCHIN (BALRAMCHIN.NS)
2026-01-11 19:38:51,398 - INFO - ✓ Fetched 245 records for BANDHANBNK (BANDHANBNK.NS)
2026-01-11 19:38:51,821 - INFO - ✓ Fetched 245 records for BANKBARODA (BANKBARODA.NS)
2026-01-11 19:38:52,281 - INFO - ✓ Fetched 245 records for BATAINDIA (BATAINDIA.NS)
2026-01-11 19:38:52,704 - INFO - ✓ Fetched 245 records for BEL (BEL.NS)
2026-01-11 19:38:53,130 - INFO - ✓ Fetched 245 records for BERGEPAINT (BERGEPAINT.NS)
2026-01-11 19:38:53,595 - INFO - ✓ Fetched 245 records for BHARATFORG (BHARATFORG.NS)
2026-01-11 19:38:54,031 - INFO - ✓ Fetched 245 records for BHARTIARTL (BHARTIARTL.NS)
2026-01-11 19:38:54,458 - INFO - ✓ Fetched 245 records for BHEL (BHEL.NS)
2026-01-11 19:38:54,932 - INFO - ✓ Fetched 245 records for BIOCON (BIOCON.NS)
2026-01-11 19:38:55,399 - INFO - ✓ Fetched 245 records for BOSCHLTD (BOSCHLTD.NS)
2026-01-11 19:38:55,868 - INFO - ✓ Fetched 245 records for BPCL (BPCL.NS)
2026-01-11 19:38:56,287 - INFO - ✓ Fetched 245 records for BRITANNIA (BRITANNIA.NS)
2026-01-11 19:38:56,934 - INFO - ✓ Fetched 245 records for BSOFT (BSOFT.NS)
2026-01-11 19:38:57,443 - INFO - ✓ Fetched 245 records for CANBK (CANBK.NS)
2026-01-11 19:38:58,013 - INFO - ✓ Fetched 245 records for CANFINHOME (CANFINHOME.NS)
2026-01-11 19:38:58,637 - INFO - ✓ Fetched 245 records for CHAMBLFERT (CHAMBLFERT.NS)
2026-01-11 19:38:59,123 - INFO - ✓ Fetched 245 records for CHOLAFIN (CHOLAFIN.NS)
2026-01-11 19:38:59,557 - INFO - ✓ Fetched 245 records for CIPLA (CIPLA.NS)
2026-01-11 19:39:00,005 - INFO - ✓ Fetched 245 records for COALINDIA (COALINDIA.NS)
2026-01-11 19:39:00,508 - INFO - ✓ Fetched 245 records for COFORGE (COFORGE.NS)
2026-01-11 19:39:00,998 - INFO - ✓ Fetched 245 records for COLPAL (COLPAL.NS)
2026-01-11 19:39:01,422 - INFO - ✓ Fetched 245 records for CONCOR (CONCOR.NS)
2026-01-11 19:39:01,953 - INFO - ✓ Fetched 245 records for COROMANDEL (COROMANDEL.NS)
2026-01-11 19:39:02,483 - INFO - ✓ Fetched 245 records for CROMPTON (CROMPTON.NS)
2026-01-11 19:39:03,127 - INFO - ✓ Fetched 245 records for CUB (CUB.NS)
2026-01-11 19:39:03,628 - INFO - ✓ Fetched 245 records for CUMMINSIND (CUMMINSIND.NS)
2026-01-11 19:39:04,115 - INFO - ✓ Fetched 245 records for DABUR (DABUR.NS)
2026-01-11 19:39:04,612 - INFO - ✓ Fetched 245 records for DALBHARAT (DALBHARAT.NS)
2026-01-11 19:39:05,533 - INFO - ✓ Fetched 245 records for DEEPAKNTR (DEEPAKNTR.NS)
2026-01-11 19:39:06,050 - INFO - ✓ Fetched 245 records for DIVISLAB (DIVISLAB.NS)
2026-01-11 19:39:06,576 - INFO - ✓ Fetched 245 records for DIXON (DIXON.NS)
2026-01-11 19:39:06,982 - INFO - ✓ Fetched 245 records for DLF (DLF.NS)
2026-01-11 19:39:07,404 - INFO - ✓ Fetched 245 records for DRREDDY (DRREDDY.NS)
2026-01-11 19:39:07,836 - INFO - ✓ Fetched 245 records for EICHERMOT (EICHERMOT.NS)
2026-01-11 19:39:08,309 - INFO - ✓ Fetched 245 records for ESCORTS (ESCORTS.NS)
2026-01-11 19:39:08,736 - INFO - ✓ Fetched 245 records for EXIDEIND (EXIDEIND.NS)
2026-01-11 19:39:09,173 - INFO - ✓ Fetched 245 records for FEDERALBNK (FEDERALBNK.NS)
2026-01-11 19:39:09,595 - INFO - ✓ Fetched 245 records for GAIL (GAIL.NS)
2026-01-11 19:39:10,040 - INFO - ✓ Fetched 245 records for GLENMARK (GLENMARK.NS)
2026-01-11 19:39:10,456 - INFO - ✓ Fetched 245 records for GMRINFRA (GMRAIRPORT.NS)
2026-01-11 19:39:11,003 - INFO - ✓ Fetched 245 records for GNFC (GNFC.NS)
2026-01-11 19:39:11,414 - INFO - ✓ Fetched 245 records for GODREJCP (GODREJCP.NS)
2026-01-11 19:39:11,815 - INFO - ✓ Fetched 245 records for GODREJPROP (GODREJPROP.NS)
2026-01-11 19:39:12,314 - INFO - ✓ Fetched 245 records for GRANULES (GRANULES.NS)
2026-01-11 19:39:12,733 - INFO - ✓ Fetched 245 records for GRASIM (GRASIM.NS)
2026-01-11 19:39:13,366 - INFO - ✓ Fetched 245 records for GUJGASLTD (GUJGASLTD.NS)
2026-01-11 19:39:13,833 - INFO - ✓ Fetched 245 records for HAL (HAL.NS)
2026-01-11 19:39:14,314 - INFO - ✓ Fetched 245 records for HAVELLS (HAVELLS.NS)
2026-01-11 19:39:14,756 - INFO - ✓ Fetched 245 records for HCLTECH (HCLTECH.NS)
2026-01-11 19:39:15,268 - INFO - ✓ Fetched 245 records for HDFCAMC (HDFCAMC.NS)
2026-01-11 19:39:15,746 - INFO - ✓ Fetched 245 records for HDFCBANK (HDFCBANK.NS)
2026-01-11 19:39:16,168 - INFO - ✓ Fetched 245 records for HDFCLIFE (HDFCLIFE.NS)
2026-01-11 19:39:16,637 - INFO - ✓ Fetched 245 records for HEROMOTOCO (HEROMOTOCO.NS)
2026-01-11 19:39:17,065 - INFO - ✓ Fetched 245 records for HINDALCO (HINDALCO.NS)
2026-01-11 19:39:17,688 - INFO - ✓ Fetched 245 records for HINDCOPPER (HINDCOPPER.NS)
2026-01-11 19:39:18,213 - INFO - ✓ Fetched 245 records for HINDPETRO (HINDPETRO.NS)
2026-01-11 19:39:18,679 - INFO - ✓ Fetched 245 records for HINDUNILVR (HINDUNILVR.NS)
2026-01-11 19:39:19,159 - INFO - ✓ Fetched 245 records for ICICIBANK (ICICIBANK.NS)
2026-01-11 19:39:19,729 - INFO - ✓ Fetched 245 records for ICICIGI (ICICIGI.NS)
2026-01-11 19:39:20,192 - INFO - ✓ Fetched 245 records for ICICIPRULI (ICICIPRULI.NS)
2026-01-11 19:39:20,629 - INFO - ✓ Fetched 245 records for IDEA (IDEA.NS)
2026-01-11 19:39:21,488 - ERROR - $IDFC.NS: possibly delisted; no timezone found
2026-01-11 19:39:21,489 - WARNING - No data returned for IDFC (IDFC.NS)
2026-01-11 19:39:21,582 - INFO - ✓ Fetched 245 records for IDFCFIRSTB (IDFCFIRSTB.NS)
2026-01-11 19:39:22,116 - INFO - ✓ Fetched 245 records for IEX (IEX.NS)
2026-01-11 19:39:22,527 - INFO - ✓ Fetched 245 records for IGL (IGL.NS)
2026-01-11 19:39:23,193 - INFO - ✓ Fetched 245 records for INDHOTEL (INDHOTEL.NS)
2026-01-11 19:39:23,758 - INFO - ✓ Fetched 245 records for INDIACEM (INDIACEM.NS)
2026-01-11 19:39:24,231 - INFO - ✓ Fetched 245 records for INDIAMART (INDIAMART.NS)
2026-01-11 19:39:24,642 - INFO - ✓ Fetched 245 records for INDIGO (INDIGO.NS)
2026-01-11 19:39:25,134 - INFO - ✓ Fetched 245 records for INDUSINDBK (INDUSINDBK.NS)
2026-01-11 19:39:25,572 - INFO - ✓ Fetched 245 records for INDUSTOWER (INDUSTOWER.NS)
2026-01-11 19:39:26,095 - INFO - ✓ Fetched 245 records for INFY (INFY.NS)
2026-01-11 19:39:26,587 - INFO - ✓ Fetched 245 records for IOC (IOC.NS)
2026-01-11 19:39:27,133 - INFO - ✓ Fetched 245 records for IPCALAB (IPCALAB.NS)
2026-01-11 19:39:27,751 - INFO - ✓ Fetched 245 records for IRCTC (IRCTC.NS)
2026-01-11 19:39:28,255 - INFO - ✓ Fetched 245 records for ITC (ITC.NS)
2026-01-11 19:39:28,726 - INFO - ✓ Fetched 245 records for JINDALSTEL (JINDALSTEL.NS)
2026-01-11 19:39:29,324 - INFO - ✓ Fetched 245 records for JKCEMENT (JKCEMENT.NS)
2026-01-11 19:39:29,773 - INFO - ✓ Fetched 245 records for JSWSTEEL (JSWSTEEL.NS)
2026-01-11 19:39:30,181 - INFO - ✓ Fetched 245 records for JUBLFOOD (JUBLFOOD.NS)
2026-01-11 19:39:30,651 - INFO - ✓ Fetched 245 records for KOTAKBANK (KOTAKBANK.NS)
2026-01-11 19:39:31,213 - INFO - ✓ Fetched 245 records for LALPATHLAB (LALPATHLAB.NS)
2026-01-11 19:39:31,845 - INFO - ✓ Fetched 245 records for LAURUSLABS (LAURUSLABS.NS)
2026-01-11 19:39:32,338 - INFO - ✓ Fetched 245 records for LICHSGFIN (LICHSGFIN.NS)
2026-01-11 19:39:32,813 - INFO - ✓ Fetched 245 records for LT (LT.NS)
2026-01-11 19:39:33,272 - INFO - ✓ Fetched 245 records for LTF (LTF.NS)
2026-01-11 19:39:33,724 - INFO - ✓ Fetched 245 records for LTIM (LTIM.NS)
2026-01-11 19:39:34,309 - INFO - ✓ Fetched 245 records for LTTS (LTTS.NS)
2026-01-11 19:39:34,781 - INFO - ✓ Fetched 245 records for LUPIN (LUPIN.NS)
2026-01-11 19:39:35,231 - INFO - ✓ Fetched 245 records for M&M (M&M.NS)
2026-01-11 19:39:35,690 - INFO - ✓ Fetched 245 records for M&MFIN (M&MFIN.NS)
2026-01-11 19:39:36,144 - INFO - ✓ Fetched 245 records for MANAPPURAM (MANAPPURAM.NS)
2026-01-11 19:39:36,620 - INFO - ✓ Fetched 245 records for MARICO (MARICO.NS)
2026-01-11 19:39:37,078 - INFO - ✓ Fetched 245 records for MARUTI (MARUTI.NS)
2026-01-11 19:39:37,520 - INFO - ✓ Fetched 143 records for MCDOWELL-N (UNITDSPR.NS)
2026-01-11 19:39:37,521 - WARNING - MCDOWELL-N: Insufficient coverage 56.7%
2026-01-11 19:39:37,991 - INFO - ✓ Fetched 245 records for MCX (MCX.NS)
2026-01-11 19:39:38,490 - INFO - ✓ Fetched 245 records for METROPOLIS (METROPOLIS.NS)
2026-01-11 19:39:38,921 - INFO - ✓ Fetched 245 records for MFSL (MFSL.NS)
2026-01-11 19:39:39,404 - INFO - ✓ Fetched 245 records for MGL (MGL.NS)
2026-01-11 19:39:39,853 - INFO - ✓ Fetched 245 records for MOTHERSON (MOTHERSON.NS)
2026-01-11 19:39:40,522 - INFO - ✓ Fetched 245 records for MPHASIS (MPHASIS.NS)
2026-01-11 19:39:41,061 - INFO - ✓ Fetched 245 records for MRF (MRF.NS)
2026-01-11 19:39:41,517 - INFO - ✓ Fetched 245 records for MUTHOOTFIN (MUTHOOTFIN.NS)
2026-01-11 19:39:42,004 - INFO - ✓ Fetched 245 records for NATIONALUM (NATIONALUM.NS)
2026-01-11 19:39:42,446 - INFO - ✓ Fetched 245 records for NAUKRI (NAUKRI.NS)
2026-01-11 19:39:42,985 - INFO - ✓ Fetched 245 records for NAVINFLUOR (NAVINFLUOR.NS)
2026-01-11 19:39:43,498 - INFO - ✓ Fetched 245 records for NESTLEIND (NESTLEIND.NS)
2026-01-11 19:39:43,961 - INFO - ✓ Fetched 245 records for NMDC (NMDC.NS)
2026-01-11 19:39:44,418 - INFO - ✓ Fetched 245 records for NTPC (NTPC.NS)
2026-01-11 19:39:44,910 - INFO - ✓ Fetched 245 records for OBEROIRLTY (OBEROIRLTY.NS)
2026-01-11 19:39:45,503 - INFO - ✓ Fetched 245 records for OFSS (OFSS.NS)
2026-01-11 19:39:45,934 - INFO - ✓ Fetched 245 records for ONGC (ONGC.NS)
2026-01-11 19:39:46,380 - INFO - ✓ Fetched 245 records for PAGEIND (PAGEIND.NS)
2026-01-11 19:39:46,819 - INFO - ✓ Fetched 245 records for PEL (POONAWALLA.NS)
2026-01-11 19:39:47,318 - INFO - ✓ Fetched 245 records for PERSISTENT (PERSISTENT.NS)
2026-01-11 19:39:47,808 - INFO - ✓ Fetched 245 records for PETRONET (PETRONET.NS)
2026-01-11 19:39:48,281 - INFO - ✓ Fetched 245 records for PFC (PFC.NS)
2026-01-11 19:39:48,707 - INFO - ✓ Fetched 245 records for PIDILITIND (PIDILITIND.NS)
2026-01-11 19:39:49,192 - INFO - ✓ Fetched 245 records for PIIND (PIIND.NS)
2026-01-11 19:39:49,666 - INFO - ✓ Fetched 245 records for PNB (PNB.NS)
2026-01-11 19:39:50,212 - INFO - ✓ Fetched 245 records for POLYCAB (POLYCAB.NS)
2026-01-11 19:39:50,674 - INFO - ✓ Fetched 245 records for POWERGRID (POWERGRID.NS)
2026-01-11 19:39:51,108 - INFO - ✓ Fetched 241 records for PVRINOX (PVRINOX.NS)
2026-01-11 19:39:51,584 - INFO - ✓ Fetched 245 records for RAMCOCEM (RAMCOCEM.NS)
2026-01-11 19:39:51,990 - INFO - ✓ Fetched 245 records for RBLBANK (RBLBANK.NS)
2026-01-11 19:39:52,397 - INFO - ✓ Fetched 245 records for RECLTD (RECLTD.NS)
2026-01-11 19:39:52,827 - INFO - ✓ Fetched 245 records for RELIANCE (RELIANCE.NS)
2026-01-11 19:39:53,250 - INFO - ✓ Fetched 245 records for SAIL (SAIL.NS)
2026-01-11 19:39:53,710 - INFO - ✓ Fetched 245 records for SBICARD (SBICARD.NS)
2026-01-11 19:39:54,182 - INFO - ✓ Fetched 245 records for SBILIFE (SBILIFE.NS)
2026-01-11 19:39:54,684 - INFO - ✓ Fetched 245 records for SBIN (SBIN.NS)
2026-01-11 19:39:55,113 - INFO - ✓ Fetched 245 records for SHREECEM (SHREECEM.NS)
2026-01-11 19:39:55,578 - INFO - ✓ Fetched 245 records for SHRIRAMFIN (SHRIRAMFIN.NS)
2026-01-11 19:39:56,105 - INFO - ✓ Fetched 245 records for SIEMENS (SIEMENS.NS)
2026-01-11 19:39:56,536 - INFO - ✓ Fetched 245 records for SRF (SRF.NS)
2026-01-11 19:39:56,963 - INFO - ✓ Fetched 245 records for SUNPHARMA (SUNPHARMA.NS)
2026-01-11 19:39:57,381 - INFO - ✓ Fetched 245 records for SUNTV (SUNTV.NS)
2026-01-11 19:39:58,049 - INFO - ✓ Fetched 245 records for SYNGENE (SYNGENE.NS)
2026-01-11 19:39:58,479 - INFO - ✓ Fetched 245 records for TATACHEM (TATACHEM.NS)
2026-01-11 19:39:59,037 - INFO - ✓ Fetched 245 records for TATACOMM (TATACOMM.NS)
2026-01-11 19:39:59,510 - INFO - ✓ Fetched 245 records for TATACONSUM (TATACONSUM.NS)
2026-01-11 19:40:00,257 - ERROR - HTTP Error 404: {"quoteSummary":{"result":null,"error":{"code":"Not Found","description":"Quote not found for symbol: TATAMOTORS.NS"}}}
2026-01-11 19:40:00,441 - ERROR - $TATAMOTORS.NS: possibly delisted; no timezone found
2026-01-11 19:40:00,442 - WARNING - No data returned for TATAMOTORS (TATAMOTORS.NS)
2026-01-11 19:40:00,597 - INFO - ✓ Fetched 245 records for TATAPOWER (TATAPOWER.NS)
2026-01-11 19:40:01,081 - INFO - ✓ Fetched 245 records for TATASTEEL (TATASTEEL.NS)
2026-01-11 19:40:01,496 - INFO - ✓ Fetched 245 records for TCS (TCS.NS)
2026-01-11 19:40:01,927 - INFO - ✓ Fetched 245 records for TECHM (TECHM.NS)
2026-01-11 19:40:02,381 - INFO - ✓ Fetched 245 records for TITAN (TITAN.NS)
2026-01-11 19:40:02,841 - INFO - ✓ Fetched 245 records for TORNTPHARM (TORNTPHARM.NS)
2026-01-11 19:40:03,528 - INFO - ✓ Fetched 245 records for TRENT (TRENT.NS)
2026-01-11 19:40:03,945 - INFO - ✓ Fetched 245 records for TVSMOTOR (TVSMOTOR.NS)
2026-01-11 19:40:04,422 - INFO - ✓ Fetched 245 records for UBL (UBL.NS)
2026-01-11 19:40:04,847 - INFO - ✓ Fetched 245 records for ULTRACEMCO (ULTRACEMCO.NS)
2026-01-11 19:40:05,382 - INFO - ✓ Fetched 245 records for UPL (UPL.NS)
2026-01-11 19:40:05,860 - INFO - ✓ Fetched 245 records for VEDL (VEDL.NS)
2026-01-11 19:40:06,324 - INFO - ✓ Fetched 245 records for VOLTAS (VOLTAS.NS)
2026-01-11 19:40:06,771 - INFO - ✓ Fetched 245 records for WIPRO (WIPRO.NS)
2026-01-11 19:40:07,209 - INFO - ✓ Fetched 245 records for ZEEL (ZEEL.NS)
2026-01-11 19:40:07,690 - INFO - ✓ Fetched 245 records for ZYDUSLIFE (ZYDUSLIFE.NS)
